2025-04-22 15:38:05,440 INFO o.a.j.u.JMeterUtils: Setting Locale to en_EN
2025-04-22 15:38:05,458 INFO o.a.j.JMeter: Loading user properties from: E:\Scoop\apps\jmeter\current\bin\user.properties
2025-04-22 15:38:05,458 INFO o.a.j.JMeter: Loading system properties from: E:\Scoop\apps\jmeter\current\bin\system.properties
2025-04-22 15:38:05,463 INFO o.a.j.JMeter: Copyright (c) 1998-2024 The Apache Software Foundation
2025-04-22 15:38:05,463 INFO o.a.j.JMeter: Version 5.6.3
2025-04-22 15:38:05,463 INFO o.a.j.JMeter: java.version=17.0.2
2025-04-22 15:38:05,463 INFO o.a.j.JMeter: java.vm.name=OpenJDK 64-Bit Server VM
2025-04-22 15:38:05,463 INFO o.a.j.JMeter: os.name=Windows 11
2025-04-22 15:38:05,463 INFO o.a.j.JMeter: os.arch=amd64
2025-04-22 15:38:05,463 INFO o.a.j.JMeter: os.version=10.0
2025-04-22 15:38:05,463 INFO o.a.j.JMeter: file.encoding=GBK
2025-04-22 15:38:05,463 INFO o.a.j.JMeter: java.awt.headless=true
2025-04-22 15:38:05,463 INFO o.a.j.JMeter: Max memory     =1073741824
2025-04-22 15:38:05,463 INFO o.a.j.JMeter: Available Processors =16
2025-04-22 15:38:05,463 INFO o.a.j.JMeter: Default Locale=English (EN)
2025-04-22 15:38:05,463 INFO o.a.j.JMeter: JMeter  Locale=English (EN)
2025-04-22 15:38:05,463 INFO o.a.j.JMeter: JMeterHome=E:\Scoop\apps\jmeter\current
2025-04-22 15:38:05,463 INFO o.a.j.JMeter: user.dir  =E:\Scoop\apps\jmeter\current\sky_jmeter
2025-04-22 15:38:05,463 INFO o.a.j.JMeter: PWD       =E:\Scoop\apps\jmeter\current\sky_jmeter
2025-04-22 15:38:14,512 INFO o.a.j.JMeter: IP: 192.168.248.1 Name: µûÁµ»¨ FullName: 192.168.248.1
2025-04-22 15:38:14,520 INFO o.a.j.s.FileServer: Default base='E:\Scoop\apps\jmeter\current\sky_jmeter'
2025-04-22 15:38:14,524 INFO o.a.j.s.FileServer: Set new base='E:\Scoop\apps\jmeter\current\sky_jmeter'
2025-04-22 15:38:14,635 INFO o.a.j.s.SaveService: Testplan (JMX) version: 2.2. Testlog (JTL) version: 2.2
2025-04-22 15:38:14,654 INFO o.a.j.s.SaveService: Using SaveService properties version 5.0
2025-04-22 15:38:14,654 INFO o.a.j.s.SaveService: Using SaveService properties file encoding UTF-8
2025-04-22 15:38:14,657 INFO o.a.j.s.SaveService: Loading file: login.jmx
2025-04-22 15:38:14,692 INFO o.a.j.p.h.s.HTTPSamplerBase: Parser for text/html is org.apache.jmeter.protocol.http.parser.LagartoBasedHtmlParser
2025-04-22 15:38:14,692 INFO o.a.j.p.h.s.HTTPSamplerBase: Parser for application/xhtml+xml is org.apache.jmeter.protocol.http.parser.LagartoBasedHtmlParser
2025-04-22 15:38:14,692 INFO o.a.j.p.h.s.HTTPSamplerBase: Parser for application/xml is org.apache.jmeter.protocol.http.parser.LagartoBasedHtmlParser
2025-04-22 15:38:14,692 INFO o.a.j.p.h.s.HTTPSamplerBase: Parser for text/xml is org.apache.jmeter.protocol.http.parser.LagartoBasedHtmlParser
2025-04-22 15:38:14,692 INFO o.a.j.p.h.s.HTTPSamplerBase: Parser for text/vnd.wap.wml is org.apache.jmeter.protocol.http.parser.RegexpHTMLParser
2025-04-22 15:38:14,692 INFO o.a.j.p.h.s.HTTPSamplerBase: Parser for text/css is org.apache.jmeter.protocol.http.parser.CssParser
2025-04-22 15:38:14,732 INFO o.a.j.JMeter: Creating summariser <summary>
2025-04-22 15:38:14,746 INFO o.a.j.e.StandardJMeterEngine: Running the test!
2025-04-22 15:38:14,746 INFO o.a.j.s.SampleEvent: List of sample_variables: []
2025-04-22 15:38:14,746 INFO o.a.j.s.SampleEvent: List of sample_variables: []
2025-04-22 15:38:14,748 INFO o.a.j.e.u.CompoundVariable: Note: Function class names must contain the string: '.functions.'
2025-04-22 15:38:14,748 INFO o.a.j.e.u.CompoundVariable: Note: Function class names must not contain the string: '.gui.'
2025-04-22 15:38:14,787 INFO o.a.j.r.ClassFinder: Will scan jar E:\Scoop\apps\jmeter\current\lib\ext\jmeter-plugins-manager-1.10.jar with filter ExtendsClassFilter [parents=[interface org.apache.jmeter.functions.Function], inner=false, contains=null, notContains=null]. Consider exposing JMeter plugins via META-INF/services, and add JMeter-Skip-Class-Scanning=true manifest attribute so JMeter can skip classfile scanning
2025-04-22 15:38:14,848 INFO o.a.j.JMeter: Running test (1745307494848)
2025-04-22 15:38:14,862 INFO o.a.j.e.StandardJMeterEngine: Starting ThreadGroup: 1 : ×¢²á²âÊÔ
2025-04-22 15:38:14,862 INFO o.a.j.e.StandardJMeterEngine: Starting 1 threads for group ×¢²á²âÊÔ.
2025-04-22 15:38:14,862 INFO o.a.j.e.StandardJMeterEngine: Thread will continue on error
2025-04-22 15:38:14,862 INFO o.a.j.t.ThreadGroup: Starting thread group... number=1 threads=1 ramp-up=10 delayedStart=false
2025-04-22 15:38:14,864 INFO o.a.j.t.ThreadGroup: Started thread group number 1
2025-04-22 15:38:14,864 INFO o.a.j.e.StandardJMeterEngine: Starting ThreadGroup: 2 : µÇÂ½²âÊÔ
2025-04-22 15:38:14,864 INFO o.a.j.e.StandardJMeterEngine: Starting 1 threads for group µÇÂ½²âÊÔ.
2025-04-22 15:38:14,864 INFO o.a.j.e.StandardJMeterEngine: Thread will stop on error
2025-04-22 15:38:14,864 INFO o.a.j.t.ThreadGroup: Starting thread group... number=2 threads=1 ramp-up=10 delayedStart=false
2025-04-22 15:38:14,864 INFO o.a.j.t.ThreadGroup: Started thread group number 2
2025-04-22 15:38:14,864 INFO o.a.j.e.StandardJMeterEngine: All thread groups have been started
2025-04-22 15:38:14,891 INFO o.a.j.t.JMeterThread: Thread started: µÇÂ½²âÊÔ 2-1
2025-04-22 15:38:14,891 INFO o.a.j.t.JMeterThread: Thread started: ×¢²á²âÊÔ 1-1
2025-04-22 15:38:14,893 INFO o.a.j.s.FileServer: Stored: E:/Scoop/apps/jmeter/current/sky_jmeter/token.csv
2025-04-22 15:38:14,903 INFO o.a.j.s.FileServer: Stored: E:/Scoop/apps/jmeter/current/sky_jmeter/register.csv
2025-04-22 15:38:14,903 INFO o.a.j.s.FileServer: Stored: E:/Scoop/apps/jmeter/current/sky_jmeter/login.csv Alias: E:/Scoop/apps/jmeter/current/sky_jmeter/login.csv@151878113
2025-04-22 15:38:14,912 INFO o.a.j.p.h.s.HTTPHCAbstractImpl: Local host = µûÁµ»¨
2025-04-22 15:38:14,914 INFO o.a.j.p.h.s.HTTPHC4Impl: HTTP request retry count = 0
2025-04-22 15:38:14,917 INFO o.a.j.s.SampleResult: Note: Sample TimeStamps are START times
2025-04-22 15:38:14,917 INFO o.a.j.s.SampleResult: sampleresult.default.encoding is set to UTF-8
2025-04-22 15:38:14,917 INFO o.a.j.s.SampleResult: sampleresult.useNanoTime=true
2025-04-22 15:38:14,917 INFO o.a.j.s.SampleResult: sampleresult.nanoThreadSleep=5000
2025-04-22 15:38:15,022 WARN o.a.j.e.RegexExtractor: No variable '' found to process by RegexExtractor '»ñÈ¡µÇÂ¼ºóµÄtoken', skipping processing
2025-04-22 15:38:15,022 INFO o.a.j.t.JMeterThread: Thread is done: µÇÂ½²âÊÔ 2-1
2025-04-22 15:38:15,022 INFO o.a.j.t.JMeterThread: Thread finished: µÇÂ½²âÊÔ 2-1
2025-04-22 15:38:26,570 INFO o.a.j.t.JMeterThread: Thread is done: ×¢²á²âÊÔ 1-1
2025-04-22 15:38:26,570 INFO o.a.j.t.JMeterThread: Thread finished: ×¢²á²âÊÔ 1-1
2025-04-22 15:38:26,570 INFO o.a.j.e.StandardJMeterEngine: Notifying test listeners of end of test
2025-04-22 15:38:26,570 INFO o.a.j.s.FileServer: Close: E:/Scoop/apps/jmeter/current/sky_jmeter/login.csv@151878113
2025-04-22 15:38:26,570 INFO o.a.j.s.FileServer: Close: E:/Scoop/apps/jmeter/current/sky_jmeter/token.csv
2025-04-22 15:38:26,570 INFO o.a.j.s.FileServer: Close: E:/Scoop/apps/jmeter/current/sky_jmeter/register.csv
2025-04-22 15:38:26,570 INFO o.a.j.r.Summariser: summary =    501 in 00:00:12 =   42.7/s Avg:    22 Min:    16 Max:    64 Err:     0 (0.00%)
